// Vitest Snapshot v1, https://vitest.dev/guide/snapshot.html

exports[`normalizeTransactionData > preserves the captured canonical summary for repeated Golden-like headers > canonical summary 1`] = `
{
  "distinct_invoice_count": 1,
  "distinct_invoice_numbers": [
    "INV-100",
  ],
  "distinct_materials": [
    "Vegetative",
  ],
  "distinct_rate_codes": [
    "RC-01",
  ],
  "distinct_service_items": [
    "Hauling",
  ],
  "eligible_count": 16,
  "grouped_by_disposal_site": [
    {
      "disposal_site": "Alpha Landfill",
      "distinct_invoice_numbers": [
        "INV-100",
      ],
      "distinct_rate_codes": [
        "RC01",
      ],
      "eligible_count": 8,
      "evidence_refs": [
        "sheet:golden:row:10",
        "sheet:golden:row:11",
        "sheet:golden:row:12",
        "sheet:golden:row:13",
        "sheet:golden:row:14",
        "sheet:golden:row:15",
        "sheet:golden:row:16",
        "sheet:golden:row:17",
        "sheet:golden:row:2",
        "sheet:golden:row:3",
        "sheet:golden:row:4",
        "sheet:golden:row:5",
        "sheet:golden:row:6",
        "sheet:golden:row:7",
        "sheet:golden:row:8",
        "sheet:golden:row:9",
      ],
      "ineligible_count": 0,
      "invoiced_ticket_count": 8,
      "materials": [
        "Vegetative",
      ],
      "record_ids": [
        "golden-0",
        "golden-1",
        "golden-10",
        "golden-11",
        "golden-12",
        "golden-13",
        "golden-14",
        "golden-15",
        "golden-2",
        "golden-3",
        "golden-4",
        "golden-5",
        "golden-6",
        "golden-7",
        "golden-8",
        "golden-9",
      ],
      "row_count": 16,
      "site_types": [
        "Landfill",
      ],
      "total_cyd": 32,
      "total_extended_cost": 2000,
      "total_transaction_quantity": 160,
      "uninvoiced_line_count": 6,
    },
  ],
  "grouped_by_invoice": [
    {
      "distinct_materials": [
        "Vegetative",
      ],
      "distinct_rate_codes": [
        "RC01",
      ],
      "distinct_service_items": [
        "Hauling",
      ],
      "invoice_number": "INV100",
      "row_count": 10,
      "total_extended_cost": 1250,
      "total_transaction_quantity": 100,
    },
    {
      "distinct_materials": [
        "Vegetative",
      ],
      "distinct_rate_codes": [
        "RC01",
      ],
      "distinct_service_items": [
        "Hauling",
      ],
      "invoice_number": null,
      "row_count": 6,
      "total_extended_cost": 750,
      "total_transaction_quantity": 60,
    },
  ],
  "grouped_by_material": [
    {
      "disposal_sites": [
        "Alpha Landfill",
      ],
      "distinct_invoice_numbers": [
        "INV-100",
      ],
      "distinct_rate_codes": [
        "RC01",
      ],
      "eligible_count": 8,
      "evidence_refs": [
        "sheet:golden:row:10",
        "sheet:golden:row:11",
        "sheet:golden:row:12",
        "sheet:golden:row:13",
        "sheet:golden:row:14",
        "sheet:golden:row:15",
        "sheet:golden:row:16",
        "sheet:golden:row:17",
        "sheet:golden:row:2",
        "sheet:golden:row:3",
        "sheet:golden:row:4",
        "sheet:golden:row:5",
        "sheet:golden:row:6",
        "sheet:golden:row:7",
        "sheet:golden:row:8",
        "sheet:golden:row:9",
      ],
      "ineligible_count": 0,
      "invoiced_ticket_count": 8,
      "material": "Vegetative",
      "record_ids": [
        "golden-0",
        "golden-1",
        "golden-10",
        "golden-11",
        "golden-12",
        "golden-13",
        "golden-14",
        "golden-15",
        "golden-2",
        "golden-3",
        "golden-4",
        "golden-5",
        "golden-6",
        "golden-7",
        "golden-8",
        "golden-9",
      ],
      "row_count": 16,
      "site_types": [
        "Landfill",
      ],
      "total_cyd": 32,
      "total_extended_cost": 2000,
      "total_transaction_quantity": 160,
      "uninvoiced_line_count": 6,
    },
  ],
  "grouped_by_rate_code": [
    {
      "billing_rate_key": null,
      "distinct_invoice_numbers": [
        "INV-100",
      ],
      "distinct_materials": [
        "Vegetative",
      ],
      "distinct_service_items": [
        "Hauling",
      ],
      "rate_code": "RC01",
      "rate_description_sample": null,
      "row_count": 16,
      "total_extended_cost": 2000,
      "total_transaction_quantity": 160,
    },
  ],
  "grouped_by_site_type": [
    {
      "disposal_sites": [
        "Alpha Landfill",
      ],
      "distinct_invoice_numbers": [
        "INV-100",
      ],
      "distinct_rate_codes": [
        "RC01",
      ],
      "eligible_count": 8,
      "evidence_refs": [
        "sheet:golden:row:10",
        "sheet:golden:row:11",
        "sheet:golden:row:12",
        "sheet:golden:row:13",
        "sheet:golden:row:14",
        "sheet:golden:row:15",
        "sheet:golden:row:16",
        "sheet:golden:row:17",
        "sheet:golden:row:2",
        "sheet:golden:row:3",
        "sheet:golden:row:4",
        "sheet:golden:row:5",
        "sheet:golden:row:6",
        "sheet:golden:row:7",
        "sheet:golden:row:8",
        "sheet:golden:row:9",
      ],
      "ineligible_count": 0,
      "invoiced_ticket_count": 8,
      "materials": [
        "Vegetative",
      ],
      "record_ids": [
        "golden-0",
        "golden-1",
        "golden-10",
        "golden-11",
        "golden-12",
        "golden-13",
        "golden-14",
        "golden-15",
        "golden-2",
        "golden-3",
        "golden-4",
        "golden-5",
        "golden-6",
        "golden-7",
        "golden-8",
        "golden-9",
      ],
      "row_count": 16,
      "site_type": "Landfill",
      "total_cyd": 32,
      "total_extended_cost": 2000,
      "total_transaction_quantity": 160,
      "uninvoiced_line_count": 6,
    },
  ],
  "ineligible_count": 0,
  "invoiced_ticket_count": 8,
  "project_operations_overview": {
    "distinct_disposal_site_count": 1,
    "distinct_invoice_count": 1,
    "distinct_material_count": 1,
    "distinct_service_item_count": 1,
    "distinct_site_type_count": 1,
    "eligible_count": 16,
    "evidence_refs": [
      "sheet:golden:row:2",
      "sheet:golden:row:3",
      "sheet:golden:row:4",
      "sheet:golden:row:5",
      "sheet:golden:row:6",
      "sheet:golden:row:7",
      "sheet:golden:row:8",
      "sheet:golden:row:9",
      "sheet:golden:row:10",
      "sheet:golden:row:11",
      "sheet:golden:row:12",
      "sheet:golden:row:13",
      "sheet:golden:row:14",
      "sheet:golden:row:15",
      "sheet:golden:row:16",
      "sheet:golden:row:17",
    ],
    "ineligible_count": 0,
    "invoiced_ticket_count": 8,
    "project_name": null,
    "record_ids": [
      "golden-0",
      "golden-1",
      "golden-2",
      "golden-3",
      "golden-4",
      "golden-5",
      "golden-6",
      "golden-7",
      "golden-8",
      "golden-9",
      "golden-10",
      "golden-11",
      "golden-12",
      "golden-13",
      "golden-14",
      "golden-15",
    ],
    "reviewed_sheet_names": [
      "Golden Tickets",
    ],
    "total_cyd": 32,
    "total_cyd_ticket_grain": 32,
    "total_cyd_ticket_grain_full": 32,
    "total_diameter": 0,
    "total_diameter_full": 0,
    "total_invoiced_amount": 1250,
    "total_mileage_ticket_grain": 0,
    "total_mileage_ticket_grain_full": 0,
    "total_net_tonnage": 0,
    "total_net_tonnage_full": 0,
    "total_tickets": 8,
    "total_transaction_quantity": 160,
    "uninvoiced_line_count": 6,
  },
  "row_count": 16,
  "rows_with_missing_extended_cost": 0,
  "rows_with_missing_invoice_number": 6,
  "rows_with_missing_quantity": 0,
  "rows_with_missing_rate_code": 0,
  "rows_with_zero_cost": 0,
  "total_cyd": 32,
  "total_cyd_ticket_grain": 32,
  "total_cyd_ticket_grain_full": 32,
  "total_diameter": 0,
  "total_diameter_full": 0,
  "total_extended_cost": 2000,
  "total_invoiced_amount": 1250,
  "total_mileage_ticket_grain": 0,
  "total_mileage_ticket_grain_full": 0,
  "total_net_tonnage": 0,
  "total_net_tonnage_full": 0,
  "total_tickets": 8,
  "total_transaction_quantity": 160,
  "uninvoiced_line_count": 6,
}
`;
